[    0.000000] microcode: microcode updated early to revision 0xde, date = 2020-05-25
[    0.000000] Linux version 5.10.0-7-amd64 (debian-kernel@lists.debian.org) (gcc-10 (Debian 10.2.1-6) 10.2.1 20210110, GNU ld (GNU Binutils for Debian) 2.35.2) #1 SMP Debian 5.10.40-1 (2021-05-28)
[    0.000000] Command line: BOOT_IMAGE=/boot/vmlinuz-5.10.0-7-amd64 root=UUID=00ce127b-63b7-48b7-ae41-663690f93d2e ro quiet resume=UUID=d9f22562-11b9-4fa3-ac5a-58b6cca83eec selinux=0 lsm=off iomem=relaxed
[    0.000000] x86/fpu: Supporting XSAVE feature 0x001: 'x87 floating point registers'
[    0.000000] x86/fpu: Supporting XSAVE feature 0x002: 'SSE registers'
[    0.000000] x86/fpu: Supporting XSAVE feature 0x004: 'AVX registers'
[    0.000000] x86/fpu: Supporting XSAVE feature 0x008: 'MPX bounds registers'
[    0.000000] x86/fpu: Supporting XSAVE feature 0x010: 'MPX CSR'
[    0.000000] x86/fpu: xstate_offset[2]:  576, xstate_sizes[2]:  256
[    0.000000] x86/fpu: xstate_offset[3]:  832, xstate_sizes[3]:   64
[    0.000000] x86/fpu: xstate_offset[4]:  896, xstate_sizes[4]:   64
[    0.000000] x86/fpu: Enabled xstate features 0x1f, context size is 960 bytes, using 'compacted' format.
[    0.000000] BIOS-provided physical RAM map:
[    0.000000] BIOS-e820: [mem 0x0000000000000000-0x000000000009efff] usable
[    0.000000] BIOS-e820: [mem 0x000000000009f000-0x00000000000fffff] reserved
[    0.000000] BIOS-e820: [mem 0x0000000000100000-0x0000000080fc7fff] usable
[    0.000000] BIOS-e820: [mem 0x0000000080fc8000-0x00000000818c7fff] reserved
[    0.000000] BIOS-e820: [mem 0x00000000818c8000-0x0000000097adefff] usable
[    0.000000] BIOS-e820: [mem 0x0000000097adf000-0x0000000097cdefff] type 20
[    0.000000] BIOS-e820: [mem 0x0000000097cdf000-0x000000009949efff] reserved
[    0.000000] BIOS-e820: [mem 0x000000009949f000-0x0000000099b8efff] ACPI NVS
[    0.000000] BIOS-e820: [mem 0x0000000099b8f000-0x0000000099c0efff] ACPI data
[    0.000000] BIOS-e820: [mem 0x0000000099c0f000-0x0000000099c0ffff] usable
[    0.000000] BIOS-e820: [mem 0x0000000099c10000-0x000000009f7fffff] reserved
[    0.000000] BIOS-e820: [mem 0x00000000e0000000-0x00000000efffffff] reserved
[    0.000000] BIOS-e820: [mem 0x00000000fe000000-0x00000000fe010fff] reserved
[    0.000000] BIOS-e820: [mem 0x00000000fed10000-0x00000000fed19fff] reserved
[    0.000000] BIOS-e820: [mem 0x00000000fed84000-0x00000000fed84fff] reserved
[    0.000000] BIOS-e820: [mem 0x00000000fee00000-0x00000000fee00fff] reserved
[    0.000000] BIOS-e820: [mem 0x00000000ff600000-0x00000000ffffffff] reserved
[    0.000000] BIOS-e820: [mem 0x0000000100000000-0x000000085e7fffff] usable
[    0.000000] NX (Execute Disable) protection: active
[    0.000000] efi: EFI v2.60 by INSYDE Corp.
[    0.000000] efi: ACPI=0x99c0e000 ACPI 2.0=0x99c0e014 TPMFinalLog=0x99495000 SMBIOS=0x97e9a000 SMBIOS 3.0=0x97e98000 ESRT=0x97e9b698 MEMATTR=0x87852018 
[    0.000000] secureboot: Secure boot could not be determined (mode 0)
[    0.000000] SMBIOS 3.0.1 present.
[    0.000000] DMI: Notebook                         NH50_70RA                     /NH50_70RA                     , BIOS 1.07.14 06/06/2020
[    0.000000] tsc: Detected 2600.000 MHz processor
[    0.000000] tsc: Detected 2599.992 MHz TSC
[    0.000011] e820: update [mem 0x00000000-0x00000fff] usable ==> reserved
[    0.000015] e820: remove [mem 0x000a0000-0x000fffff] usable
[    0.000025] last_pfn = 0x85e800 max_arch_pfn = 0x400000000
[    0.000031] MTRR default type: write-back
[    0.000032] MTRR fixed ranges enabled:
[    0.000034]   00000-9FFFF write-back
[    0.000036]   A0000-BFFFF uncachable
[    0.000037]   C0000-FFFFF write-protect
[    0.000038] MTRR variable ranges enabled:
[    0.000041]   0 base 00C0000000 mask 7FC0000000 uncachable
[    0.000042]   1 base 00A0000000 mask 7FE0000000 uncachable
[    0.000044]   2 base 009C000000 mask 7FFC000000 uncachable
[    0.000045]   3 base 009B000000 mask 7FFF000000 uncachable
[    0.000047]   4 base 2000000000 mask 6000000000 uncachable
[    0.000048]   5 base 1000000000 mask 7000000000 uncachable
[    0.000049]   6 base 4000000000 mask 4000000000 uncachable
[    0.000050]   7 disabled
[    0.000051]   8 disabled
[    0.000052]   9 disabled
[    0.000738] x86/PAT: Configuration [0-7]: WB  WC  UC- UC  WB  WP  UC- WT  
[    0.001226] last_pfn = 0x99c10 max_arch_pfn = 0x400000000
[    0.014316] esrt: Reserving ESRT space from 0x0000000097e9b698 to 0x0000000097e9b720.
[    0.014340] Using GB pages for direct mapping
[    0.015063] RAMDISK: [mem 0x32345000-0x35199fff]
[    0.015070] ACPI: Early table checksum verification disabled
[    0.015073] ACPI: RSDP 0x0000000099C0E014 000024 (v02 INSYDE)
[    0.015079] ACPI: XSDT 0x0000000099BC0188 0000D4 (v01 INSYDE CNLH     00000001      01000013)
[    0.015086] ACPI: FACP 0x0000000099BF8000 00010C (v05 INSYDE CNLH     00000001 ACPI 00040000)
[    0.015094] ACPI: DSDT 0x0000000099BC6000 02EBBE (v02 INSYDE CNLH     00000000 ACPI 00040000)
[    0.015099] ACPI: FACS 0x0000000099B0C000 000040
[    0.015102] ACPI: SSDT 0x0000000099C0B000 001B1C (v02 CpuRef CpuSsdt  00003000 INTL 20160422)
[    0.015108] ACPI: SSDT 0x0000000099C07000 003146 (v02 SaSsdt SaSsdt   00003000 INTL 20160422)
[    0.015112] ACPI: SSDT 0x0000000099C05000 00188F (v02 PegSsd PegSsdt  00001000 INTL 20160422)
[    0.015116] ACPI: SSDT 0x0000000099C03000 000781 (v01 INTEL  Tpm2Tabl 00001000 INTL 20160422)
[    0.015121] ACPI: SSDT 0x0000000099BFD000 00166A (v02 INTEL  PtidDevc 00001000 INTL 20160422)
[    0.015125] ACPI: SSDT 0x0000000099BFA000 00045A (v02 Intel  PerfTune 00001000 INTL 20160422)
[    0.015129] ACPI: SSDT 0x0000000099BC1000 0035D8 (v01 Insyde NvdTable 00001000 INTL 20160422)
[    0.015134] ACPI: UEFI 0x0000000099C0D000 000236 (v01 INSYDE CNLH     00000001 ACPI 00040000)
[    0.015138] ACPI: UEFI 0x0000000099C04000 000042 (v01 INSYDE CNLH     00000002 ACPI 00040000)
[    0.015142] ACPI: TPM2 0x0000000099C02000 000034 (v04 INSYDE CNLH     00000002 ACPI 00040000)
[    0.015146] ACPI: LPIT 0x0000000099C00000 00005C (v01 INSYDE CNLH     00000002 ACPI 00040000)
[    0.015151] ACPI: WSMT 0x0000000099BFF000 000028 (v01 INSYDE CNLH     00000002 ACPI 00040000)
[    0.015155] ACPI: DBGP 0x0000000099BFC000 000034 (v01 INSYDE CNLH     00000002 ACPI 00040000)
[    0.015159] ACPI: DBG2 0x0000000099BFB000 000061 (v00 INSYDE CNLH     00000002 ACPI 00040000)
[    0.015163] ACPI: ASF! 0x0000000099BF9000 0000A5 (v32 INSYDE CNLH     00000001 ACPI 00040000)
[    0.015168] ACPI: HPET 0x0000000099BF7000 000038 (v01 INSYDE CNLH     00000001 ACPI 00040000)
[    0.015172] ACPI: APIC 0x0000000099BF6000 00012C (v03 INSYDE CNLH     00000001 ACPI 00040000)
[    0.015176] ACPI: MCFG 0x0000000099BF5000 00003C (v01 INSYDE CNLH     00000001 ACPI 00040000)
[    0.015180] ACPI: DMAR 0x0000000099BC5000 0000A8 (v01 INSYDE CNLH     00000002 ACPI 00040000)
[    0.015184] ACPI: FPDT 0x0000000099BBF000 000044 (v01 INSYDE CNLH     00000002 ACPI 00040000)
[    0.015189] ACPI: BGRT 0x0000000099BBE000 000038 (v01 INSYDE CNLH     00000001 ACPI 00040000)
[    0.015193] ACPI: Reserving FACP table memory at [mem 0x99bf8000-0x99bf810b]
[    0.015195] ACPI: Reserving DSDT table memory at [mem 0x99bc6000-0x99bf4bbd]
[    0.015196] ACPI: Reserving FACS table memory at [mem 0x99b0c000-0x99b0c03f]
[    0.015197] ACPI: Reserving SSDT table memory at [mem 0x99c0b000-0x99c0cb1b]
[    0.015199] ACPI: Reserving SSDT table memory at [mem 0x99c07000-0x99c0a145]
[    0.015200] ACPI: Reserving SSDT table memory at [mem 0x99c05000-0x99c0688e]
[    0.015202] ACPI: Reserving SSDT table memory at [mem 0x99c03000-0x99c03780]
[    0.015203] ACPI: Reserving SSDT table memory at [mem 0x99bfd000-0x99bfe669]
[    0.015205] ACPI: Reserving SSDT table memory at [mem 0x99bfa000-0x99bfa459]
[    0.015206] ACPI: Reserving SSDT table memory at [mem 0x99bc1000-0x99bc45d7]
[    0.015207] ACPI: Reserving UEFI table memory at [mem 0x99c0d000-0x99c0d235]
[    0.015209] ACPI: Reserving UEFI table memory at [mem 0x99c04000-0x99c04041]
[    0.015211] ACPI: Reserving TPM2 table memory at [mem 0x99c02000-0x99c02033]
[    0.015212] ACPI: Reserving LPIT table memory at [mem 0x99c00000-0x99c0005b]
[    0.015214] ACPI: Reserving WSMT table memory at [mem 0x99bff000-0x99bff027]
[    0.015215] ACPI: Reserving DBGP table memory at [mem 0x99bfc000-0x99bfc033]
[    0.015217] ACPI: Reserving DBG2 table memory at [mem 0x99bfb000-0x99bfb060]
[    0.015218] ACPI: Reserving ASF! table memory at [mem 0x99bf9000-0x99bf90a4]
[    0.015220] ACPI: Reserving HPET table memory at [mem 0x99bf7000-0x99bf7037]
[    0.015221] ACPI: Reserving APIC table memory at [mem 0x99bf6000-0x99bf612b]
[    0.015223] ACPI: Reserving MCFG table memory at [mem 0x99bf5000-0x99bf503b]
[    0.015224] ACPI: Reserving DMAR table memory at [mem 0x99bc5000-0x99bc50a7]
[    0.015226] ACPI: Reserving FPDT table memory at [mem 0x99bbf000-0x99bbf043]
[    0.015227] ACPI: Reserving BGRT table memory at [mem 0x99bbe000-0x99bbe037]
[    0.015245] ACPI: Local APIC address 0xfee00000
[    0.015412] No NUMA configuration found
[    0.015414] Faking a node at [mem 0x0000000000000000-0x000000085e7fffff]
[    0.015430] NODE_DATA(0) allocated [mem 0x85e7d6000-0x85e7fffff]
[    0.015931] Zone ranges:
[    0.015933]   DMA      [mem 0x0000000000001000-0x0000000000ffffff]
[    0.015935]   DMA32    [mem 0x0000000001000000-0x00000000ffffffff]
[    0.015937]   Normal   [mem 0x0000000100000000-0x000000085e7fffff]
[    0.015939]   Device   empty
[    0.015940] Movable zone start for each node
[    0.015945] Early memory node ranges
[    0.015947]   node   0: [mem 0x0000000000001000-0x000000000009efff]
[    0.015948]   node   0: [mem 0x0000000000100000-0x0000000080fc7fff]
[    0.015950]   node   0: [mem 0x00000000818c8000-0x0000000097adefff]
[    0.015951]   node   0: [mem 0x0000000099c0f000-0x0000000099c0ffff]
[    0.015952]   node   0: [mem 0x0000000100000000-0x000000085e7fffff]
[    0.015957] Initmem setup node 0 [mem 0x0000000000001000-0x000000085e7fffff]
[    0.015959] On node 0 totalpages: 8345982
[    0.015961]   DMA zone: 64 pages used for memmap
[    0.015962]   DMA zone: 23 pages reserved
[    0.015963]   DMA zone: 3998 pages, LIFO batch:0
[    0.016396]   DMA zone: 28770 pages in unavailable ranges
[    0.016398]   DMA32 zone: 9608 pages used for memmap
[    0.016399]   DMA32 zone: 614880 pages, LIFO batch:63
[    0.023140]   DMA32 zone: 36384 pages in unavailable ranges
[    0.023141]   Normal zone: 120736 pages used for memmap
[    0.023142]   Normal zone: 7727104 pages, LIFO batch:63
[    0.023586]   Normal zone: 6144 pages in unavailable ranges
[    0.023590] x86/hpet: Will disable the HPET for this platform because it's not reliable
[    0.023627] Reserving Intel graphics memory at [mem 0x9b800000-0x9f7fffff]
[    0.023919] ACPI: PM-Timer IO Port: 0x1808
[    0.023921] ACPI: Local APIC address 0xfee00000
[    0.023930] ACPI: LAPIC_NMI (acpi_id[0x01] high edge lint[0x1])
[    0.023931] ACPI: LAPIC_NMI (acpi_id[0x02] high edge lint[0x1])
[    0.023932] ACPI: LAPIC_NMI (acpi_id[0x03] high edge lint[0x1])
[    0.023933] ACPI: LAPIC_NMI (acpi_id[0x04] high edge lint[0x1])
[    0.023934] ACPI: LAPIC_NMI (acpi_id[0x05] high edge lint[0x1])
[    0.023935] ACPI: LAPIC_NMI (acpi_id[0x06] high edge lint[0x1])
[    0.023936] ACPI: LAPIC_NMI (acpi_id[0x07] high edge lint[0x1])
[    0.023937] ACPI: LAPIC_NMI (acpi_id[0x08] high edge lint[0x1])
[    0.023938] ACPI: LAPIC_NMI (acpi_id[0x09] high edge lint[0x1])
[    0.023939] ACPI: LAPIC_NMI (acpi_id[0x0a] high edge lint[0x1])
[    0.023940] ACPI: LAPIC_NMI (acpi_id[0x0b] high edge lint[0x1])
[    0.023941] ACPI: LAPIC_NMI (acpi_id[0x0c] high edge lint[0x1])
[    0.023942] ACPI: LAPIC_NMI (acpi_id[0x0d] high edge lint[0x1])
[    0.023943] ACPI: LAPIC_NMI (acpi_id[0x0e] high edge lint[0x1])
[    0.023944] ACPI: LAPIC_NMI (acpi_id[0x0f] high edge lint[0x1])
[    0.023945] ACPI: LAPIC_NMI (acpi_id[0x10] high edge lint[0x1])
[    0.024004] IOAPIC[0]: apic_id 2, version 32, address 0xfec00000, GSI 0-119
[    0.024007] ACPI: INT_SRC_OVR (bus 0 bus_irq 0 global_irq 2 dfl dfl)
[    0.024009] ACPI: INT_SRC_OVR (bus 0 bus_irq 9 global_irq 9 high level)
[    0.024011] ACPI: IRQ0 used by override.
[    0.024012] ACPI: IRQ9 used by override.
[    0.024015] Using ACPI (MADT) for SMP configuration information
[    0.024017] ACPI: HPET id: 0x8086a201 base: 0xfed00000
[    0.024027] e820: update [mem 0x87028000-0x870defff] usable ==> reserved
[    0.024039] TSC deadline timer available
[    0.024041] smpboot: Allowing 12 CPUs, 0 hotplug CPUs
[    0.024072] PM: hibernation: Registered nosave memory: [mem 0x00000000-0x00000fff]
[    0.024075] PM: hibernation: Registered nosave memory: [mem 0x0009f000-0x000fffff]
[    0.024077] PM: hibernation: Registered nosave memory: [mem 0x80fc8000-0x818c7fff]
[    0.024080] PM: hibernation: Registered nosave memory: [mem 0x87028000-0x870defff]
[    0.024082] PM: hibernation: Registered nosave memory: [mem 0x97adf000-0x97cdefff]
[    0.024083] PM: hibernation: Registered nosave memory: [mem 0x97cdf000-0x9949efff]
[    0.024084] PM: hibernation: Registered nosave memory: [mem 0x9949f000-0x99b8efff]
[    0.024085] PM: hibernation: Registered nosave memory: [mem 0x99b8f000-0x99c0efff]
[    0.024088] PM: hibernation: Registered nosave memory: [mem 0x99c10000-0x9f7fffff]
[    0.024089] PM: hibernation: Registered nosave memory: [mem 0x9f800000-0xdfffffff]
[    0.024090] PM: hibernation: Registered nosave memory: [mem 0xe0000000-0xefffffff]
[    0.024091] PM: hibernation: Registered nosave memory: [mem 0xf0000000-0xfdffffff]
[    0.024092] PM: hibernation: Registered nosave memory: [mem 0xfe000000-0xfe010fff]
[    0.024093] PM: hibernation: Registered nosave memory: [mem 0xfe011000-0xfed0ffff]
[    0.024094] PM: hibernation: Registered nosave memory: [mem 0xfed10000-0xfed19fff]
[    0.024095] PM: hibernation: Registered nosave memory: [mem 0xfed1a000-0xfed83fff]
[    0.024096] PM: hibernation: Registered nosave memory: [mem 0xfed84000-0xfed84fff]
[    0.024097] PM: hibernation: Registered nosave memory: [mem 0xfed85000-0xfedfffff]
[    0.024098] PM: hibernation: Registered nosave memory: [mem 0xfee00000-0xfee00fff]
[    0.024099] PM: hibernation: Registered nosave memory: [mem 0xfee01000-0xff5fffff]
[    0.024100] PM: hibernation: Registered nosave memory: [mem 0xff600000-0xffffffff]
[    0.024102] [mem 0x9f800000-0xdfffffff] available for PCI devices
[    0.024104] Booting paravirtualized kernel on bare hardware
[    0.024107] clocksource: refined-jiffies: mask: 0xffffffff max_cycles: 0xffffffff, max_idle_ns: 7645519600211568 ns
[    0.030827] setup_percpu: NR_CPUS:8192 nr_cpumask_bits:12 nr_cpu_ids:12 nr_node_ids:1
[    0.031300] percpu: Embedded 54 pages/cpu s183960 r8192 d29032 u262144
[    0.031310] pcpu-alloc: s183960 r8192 d29032 u262144 alloc=1*2097152
[    0.031312] pcpu-alloc: [0] 00 01 02 03 04 05 06 07 [0] 08 09 10 11 -- -- -- -- 
[    0.031366] Built 1 zonelists, mobility grouping on.  Total pages: 8215551
[    0.031367] Policy zone: Normal
[    0.031369] Kernel command line: BOOT_IMAGE=/boot/vmlinuz-5.10.0-7-amd64 root=UUID=00ce127b-63b7-48b7-ae41-663690f93d2e ro quiet resume=UUID=d9f22562-11b9-4fa3-ac5a-58b6cca83eec selinux=0 lsm=off iomem=relaxed
[    0.034050] Dentry cache hash table entries: 4194304 (order: 13, 33554432 bytes, linear)
[    0.035322] Inode-cache hash table entries: 2097152 (order: 12, 16777216 bytes, linear)
[    0.035469] mem auto-init: stack:off, heap alloc:on, heap free:off
[    0.062319] Memory: 2396924K/33383928K available (12295K kernel code, 2544K rwdata, 7548K rodata, 2396K init, 3700K bss, 820948K reserved, 0K cma-reserved)
[    0.062329] random: get_random_u64 called from __kmem_cache_create+0x2a/0x540 with crng_init=0
[    0.062535] SLUB: HWalign=64, Order=0-3, MinObjects=0, CPUs=12, Nodes=1
[    0.062556] Kernel/User page tables isolation: enabled
[    0.062582] ftrace: allocating 36385 entries in 143 pages
[    0.081721] ftrace: allocated 143 pages with 5 groups
[    0.081883] rcu: Hierarchical RCU implementation.
[    0.081885] rcu: 	RCU restricting CPUs from NR_CPUS=8192 to nr_cpu_ids=12.
[    0.081887] 	Rude variant of Tasks RCU enabled.
[    0.081887] 	Tracing variant of Tasks RCU enabled.
[    0.081889] rcu: RCU calculated value of scheduler-enlistment delay is 25 jiffies.
[    0.081890] rcu: Adjusting geometry for rcu_fanout_leaf=16, nr_cpu_ids=12
[    0.087268] NR_IRQS: 524544, nr_irqs: 2152, preallocated irqs: 16
[    0.088034] random: crng done (trusting CPU's manufacturer)
[    0.088071] Console: colour dummy device 80x25
[    0.088095] printk: console [tty0] enabled
[    0.088121] ACPI: Core revision 20200925
[    0.088464] APIC: Switch to symmetric I/O mode setup
[    0.088467] DMAR: Host address width 39
[    0.088469] DMAR: DRHD base: 0x000000fed90000 flags: 0x0
[    0.088476] DMAR: dmar0: reg_base_addr fed90000 ver 1:0 cap 1c0000c40660462 ecap 19e2ff0505e
[    0.088478] DMAR: DRHD base: 0x000000fed91000 flags: 0x1
[    0.088482] DMAR: dmar1: reg_base_addr fed91000 ver 1:0 cap d2008c40660462 ecap f050da
[    0.088484] DMAR: RMRR base: 0x00000099474000 end: 0x00000099493fff
[    0.088486] DMAR: RMRR base: 0x0000009b000000 end: 0x0000009f7fffff
[    0.088488] DMAR-IR: IOAPIC id 2 under DRHD base  0xfed91000 IOMMU 1
[    0.088490] DMAR-IR: HPET id 0 under DRHD base 0xfed91000
[    0.088491] DMAR-IR: Queued invalidation will be enabled to support x2apic and Intr-remapping.
[    0.090609] DMAR-IR: Enabled IRQ remapping in x2apic mode
[    0.090611] x2apic enabled
[    0.090635] Switched APIC routing to cluster x2apic.
[    0.096143] clocksource: tsc-early: mask: 0xffffffffffffffff max_cycles: 0x257a34a6eea, max_idle_ns: 440795264358 ns
[    0.096149] Calibrating delay loop (skipped), value calculated using timer frequency.. 5199.98 BogoMIPS (lpj=10399968)
[    0.096153] pid_max: default: 32768 minimum: 301
[    0.100146] LSM: Security Framework initializing
[    0.100146] Mount-cache hash table entries: 65536 (order: 7, 524288 bytes, linear)
[    0.100146] Mountpoint-cache hash table entries: 65536 (order: 7, 524288 bytes, linear)
[    0.100146] mce: CPU0: Thermal monitoring enabled (TM1)
[    0.100146] process: using mwait in idle threads
[    0.100146] Last level iTLB entries: 4KB 64, 2MB 8, 4MB 8
[    0.100146] Last level dTLB entries: 4KB 64, 2MB 0, 4MB 0, 1GB 4
[    0.100146] Spectre V1 : Mitigation: usercopy/swapgs barriers and __user pointer sanitization
[    0.100146] Spectre V2 : Mitigation: Full generic retpoline
[    0.100146] Spectre V2 : Spectre v2 / SpectreRSB mitigation: Filling RSB on context switch
[    0.100146] Spectre V2 : Enabling Restricted Speculation for firmware calls
[    0.100146] Spectre V2 : mitigation: Enabling conditional Indirect Branch Prediction Barrier
[    0.100146] Spectre V2 : User space: Mitigation: STIBP via seccomp and prctl
[    0.100146] Speculative Store Bypass: Mitigation: Speculative Store Bypass disabled via prctl and seccomp
[    0.100146] SRBDS: Mitigation: Microcode
[    0.100146] MDS: Mitigation: Clear CPU buffers
[    0.100146] Freeing SMP alternatives memory: 32K
[    0.100146] smpboot: CPU0: Intel(R) Core(TM) i7-9750H CPU @ 2.60GHz (family: 0x6, model: 0x9e, stepping: 0xa)
[    0.100146] Performance Events: PEBS fmt3+, Skylake events, 32-deep LBR, full-width counters, Intel PMU driver.
[    0.100146] ... version:                4
[    0.100146] ... bit width:              48
[    0.100146] ... generic registers:      4
[    0.100146] ... value mask:             0000ffffffffffff
[    0.100146] ... max period:             00007fffffffffff
[    0.100146] ... fixed-purpose events:   3
[    0.100146] ... event mask:             000000070000000f
[    0.100146] rcu: Hierarchical SRCU implementation.
[    0.100146] NMI watchdog: Enabled. Permanently consumes one hw-PMU counter.
[    0.100146] smp: Bringing up secondary CPUs ...
[    0.100146] x86: Booting SMP configuration:
[    0.100146] .... node  #0, CPUs:        #1  #2  #3  #4  #5  #6
[    0.125493] MDS CPU bug present and SMT on, data leak possible. See https://www.kernel.org/doc/html/latest/admin-guide/hw-vuln/mds.html for more details.
[    0.125493]   #7  #8  #9 #10 #11
[    0.129366] smp: Brought up 1 node, 12 CPUs
[    0.129366] smpboot: Max logical packages: 1
[    0.129366] smpboot: Total of 12 processors activated (62399.80 BogoMIPS)
[    0.173314] node 0 deferred pages initialised in 40ms
[    0.173318] devtmpfs: initialized
[    0.173318] x86/mm: Memory block size: 128MB
[    0.179119] PM: Registering ACPI NVS region [mem 0x9949f000-0x99b8efff] (7274496 bytes)
[    0.179119] clocksource: jiffies: mask: 0xffffffff max_cycles: 0xffffffff, max_idle_ns: 7645041785100000 ns
[    0.179119] futex hash table entries: 4096 (order: 6, 262144 bytes, linear)
[    0.179119] pinctrl core: initialized pinctrl subsystem
[    0.179119] NET: Registered protocol family 16
[    0.180240] audit: initializing netlink subsys (disabled)
[    0.180253] audit: type=2000 audit(1624486499.084:1): state=initialized audit_enabled=0 res=1
[    0.180319] thermal_sys: Registered thermal governor 'fair_share'
[    0.180321] thermal_sys: Registered thermal governor 'bang_bang'
[    0.180322] thermal_sys: Registered thermal governor 'step_wise'
[    0.180323] thermal_sys: Registered thermal governor 'user_space'
[    0.180325] thermal_sys: Registered thermal governor 'power_allocator'
[    0.180343] cpuidle: using governor ladder
[    0.180350] cpuidle: using governor menu
[    0.180395] ACPI FADT declares the system doesn't support PCIe ASPM, so disable it
[    0.180395] ACPI: bus type PCI registered
[    0.180395] acpiphp: ACPI Hot Plug PCI Controller Driver version: 0.5
[    0.180395] PCI: MMCONFIG for domain 0000 [bus 00-ff] at [mem 0xe0000000-0xefffffff] (base 0xe0000000)
[    0.180395] PCI: MMCONFIG at [mem 0xe0000000-0xefffffff] reserved in E820
[    0.180395] PCI: Using configuration type 1 for base access
[    0.181528] ENERGY_PERF_BIAS: Set to 'normal', was 'performance'
[    0.181615] Kprobes globally optimized
[    0.181623] HugeTLB registered 1.00 GiB page size, pre-allocated 0 pages
[    0.181623] HugeTLB registered 2.00 MiB page size, pre-allocated 0 pages
[    0.396700] ACPI: Added _OSI(Module Device)
[    0.396700] ACPI: Added _OSI(Processor Device)
[    0.396700] ACPI: Added _OSI(3.0 _SCP Extensions)
[    0.396700] ACPI: Added _OSI(Processor Aggregator Device)
[    0.396700] ACPI: Added _OSI(Linux-Dell-Video)
[    0.396700] ACPI: Added _OSI(Linux-Lenovo-NV-HDMI-Audio)
[    0.396700] ACPI: Added _OSI(Linux-HPI-Hybrid-Graphics)
[    0.452589] ACPI: 8 ACPI AML tables successfully acquired and loaded
[    0.455613] ACPI: [Firmware Bug]: BIOS _OSI(Linux) query ignored
[    0.464902] ACPI: Dynamic OEM Table Load:
[    0.464916] ACPI: SSDT 0xFFFF9B3DDFB9CA00 0000F4 (v02 PmRef  Cpu0Psd  00003000 INTL 20160422)
[    0.466494] ACPI: \_SB_.PR00: _OSC native thermal LVT Acked
[    0.467622] ACPI: Dynamic OEM Table Load:
[    0.467632] ACPI: SSDT 0xFFFF9B3A0136F800 000400 (v02 PmRef  Cpu0Cst  00003001 INTL 20160422)
[    0.469393] ACPI: Dynamic OEM Table Load:
[    0.469402] ACPI: SSDT 0xFFFF9B3A00DF8000 000581 (v02 PmRef  Cpu0Ist  00003000 INTL 20160422)
[    0.471632] ACPI: Dynamic OEM Table Load:
[    0.471642] ACPI: SSDT 0xFFFF9B3A00DFB800 0005FC (v02 PmRef  ApIst    00003000 INTL 20160422)
[    0.473654] ACPI: Dynamic OEM Table Load:
[    0.473665] ACPI: SSDT 0xFFFF9B3A00E08000 000AB0 (v02 PmRef  ApPsd    00003000 INTL 20160422)
[    0.476165] ACPI: Dynamic OEM Table Load:
[    0.476173] ACPI: SSDT 0xFFFF9B3A01369C00 00030A (v02 PmRef  ApCst    00003000 INTL 20160422)
[    0.483725] ACPI: EC: EC started
[    0.483726] ACPI: EC: interrupt blocked
[    0.485592] ACPI: EC: EC_CMD/EC_SC=0x66, EC_DATA=0x62
[    0.485594] ACPI: \_SB_.PCI0.LPCB.EC__: Boot DSDT EC used to handle transactions
[    0.485595] ACPI: Interpreter enabled
[    0.485675] ACPI: (supports S0 S3 S4 S5)
[    0.485676] ACPI: Using IOAPIC for interrupt routing
[    0.485735] PCI: Using host bridge windows from ACPI; if necessary, use "pci=nocrs" and report a bug
[    0.486355] ACPI: Enabled 6 GPEs in block 00 to 7F
[    0.487243] ACPI: Power Resource [PG00] (on)
[    0.530158] ACPI: Power Resource [V0PR] (on)
[    0.530327] ACPI: Power Resource [V1PR] (on)
[    0.530490] ACPI: Power Resource [V2PR] (on)
[    0.535534] ACPI: Power Resource [WRST] (on)
[    0.539077] ACPI: Power Resource [PIN] (off)
[    0.539598] ACPI: PCI Root Bridge [PCI0] (domain 0000 [bus 00-fe])
[    0.539606] acpi PNP0A08:00: _OSC: OS supports [ExtendedConfig ASPM ClockPM Segments MSI HPX-Type3]
[    0.545975] acpi PNP0A08:00: _OSC: OS now controls [PCIeHotplug SHPCHotplug PME AER PCIeCapability LTR]
[    0.545977] acpi PNP0A08:00: FADT indicates ASPM is unsupported, using BIOS configuration
[    0.549701] PCI host bridge to bus 0000:00
[    0.549704] pci_bus 0000:00: root bus resource [io  0x0000-0x0cf7 window]
[    0.549706] pci_bus 0000:00: root bus resource [io  0x0d00-0xffff window]
[    0.549708] pci_bus 0000:00: root bus resource [mem 0x000a0000-0x000bffff window]
[    0.549709] pci_bus 0000:00: root bus resource [mem 0x9f800000-0xdfffffff window]
[    0.549711] pci_bus 0000:00: root bus resource [mem 0xfc800000-0xfe7fffff window]
[    0.549713] pci_bus 0000:00: root bus resource [bus 00-fe]
[    0.549738] pci 0000:00:00.0: [8086:3ec4] type 00 class 0x060000
[    0.551271] pci 0000:00:01.0: [8086:1901] type 01 class 0x060400
[    0.551332] pci 0000:00:01.0: PME# supported from D0 D3hot D3cold
[    0.552984] pci 0000:00:02.0: [8086:3e9b] type 00 class 0x030000
[    0.552997] pci 0000:00:02.0: reg 0x10: [mem 0xb2000000-0xb2ffffff 64bit]
[    0.553005] pci 0000:00:02.0: reg 0x18: [mem 0xb8000000-0xbfffffff 64bit pref]
[    0.553010] pci 0000:00:02.0: reg 0x20: [io  0x5000-0x503f]
[    0.553034] pci 0000:00:02.0: BAR 2: assigned to efifb
[    0.554664] pci 0000:00:12.0: [8086:a379] type 00 class 0x118000
[    0.554686] pci 0000:00:12.0: reg 0x10: [mem 0xb4418000-0xb4418fff 64bit]
[    0.556306] pci 0000:00:14.0: [8086:a36d] type 00 class 0x0c0330
[    0.556325] pci 0000:00:14.0: reg 0x10: [mem 0xb4400000-0xb440ffff 64bit]
[    0.556399] pci 0000:00:14.0: PME# supported from D3hot D3cold
[    0.557993] pci 0000:00:14.2: [8086:a36f] type 00 class 0x050000
[    0.558015] pci 0000:00:14.2: reg 0x10: [mem 0xb4414000-0xb4415fff 64bit]
[    0.558029] pci 0000:00:14.2: reg 0x18: [mem 0xb4419000-0xb4419fff 64bit]
[    0.559606] pci 0000:00:15.0: [8086:a368] type 00 class 0x0c8000
[    0.559629] pci 0000:00:15.0: reg 0x10: [mem 0x00000000-0x00000fff 64bit]
[    0.561309] pci 0000:00:16.0: [8086:a360] type 00 class 0x078000
[    0.561331] pci 0000:00:16.0: reg 0x10: [mem 0xb441b000-0xb441bfff 64bit]
[    0.561416] pci 0000:00:16.0: PME# supported from D3hot
[    0.563013] pci 0000:00:17.0: [8086:a353] type 00 class 0x010601
[    0.563029] pci 0000:00:17.0: reg 0x10: [mem 0xb4416000-0xb4417fff]
[    0.563038] pci 0000:00:17.0: reg 0x14: [mem 0xb441f000-0xb441f0ff]
[    0.563048] pci 0000:00:17.0: reg 0x18: [io  0x5080-0x5087]
[    0.563057] pci 0000:00:17.0: reg 0x1c: [io  0x5088-0x508b]
[    0.563066] pci 0000:00:17.0: reg 0x20: [io  0x5060-0x507f]
[    0.563075] pci 0000:00:17.0: reg 0x24: [mem 0xb441e000-0xb441e7ff]
[    0.563127] pci 0000:00:17.0: PME# supported from D3hot
[    0.564783] pci 0000:00:1b.0: [8086:a32c] type 01 class 0x060400
[    0.564898] pci 0000:00:1b.0: PME# supported from D0 D3hot D3cold
[    0.564931] pci 0000:00:1b.0: PTM enabled (root), 4ns granularity
[    0.566582] pci 0000:00:1d.0: [8086:a330] type 01 class 0x060400
[    0.568119] pci 0000:00:1d.0: PME# supported from D0 D3hot D3cold
[    0.568332] pci 0000:00:1d.6: [8086:a336] type 01 class 0x060400
[    0.568429] pci 0000:00:1d.6: PME# supported from D0 D3hot D3cold
[    0.568456] pci 0000:00:1d.6: PTM enabled (root), 4ns granularity
[    0.570092] pci 0000:00:1f.0: [8086:a30d] type 00 class 0x060100
[    0.571911] pci 0000:00:1f.3: [8086:a348] type 00 class 0x040300
[    0.571962] pci 0000:00:1f.3: reg 0x10: [mem 0xb4410000-0xb4413fff 64bit]
[    0.572025] pci 0000:00:1f.3: reg 0x20: [mem 0xb4100000-0xb41fffff 64bit]
[    0.572157] pci 0000:00:1f.3: PME# supported from D3hot D3cold
[    0.573865] pci 0000:00:1f.4: [8086:a323] type 00 class 0x0c0500
[    0.573892] pci 0000:00:1f.4: reg 0x10: [mem 0xb441c000-0xb441c0ff 64bit]
[    0.573923] pci 0000:00:1f.4: reg 0x20: [io  0x5040-0x505f]
[    0.575518] pci 0000:00:1f.5: [8086:a324] type 00 class 0x0c8000
[    0.575536] pci 0000:00:1f.5: reg 0x10: [mem 0xfe010000-0xfe010fff]
[    0.577159] pci 0000:01:00.0: [10de:1f91] type 00 class 0x030000
[    0.577173] pci 0000:01:00.0: reg 0x10: [mem 0xb3000000-0xb3ffffff]
[    0.577184] pci 0000:01:00.0: reg 0x14: [mem 0xa0000000-0xafffffff 64bit pref]
[    0.577195] pci 0000:01:00.0: reg 0x1c: [mem 0xb0000000-0xb1ffffff 64bit pref]
[    0.577203] pci 0000:01:00.0: reg 0x24: [io  0x4000-0x407f]
[    0.577211] pci 0000:01:00.0: reg 0x30: [mem 0xfff80000-0xffffffff pref]
[    0.577274] pci 0000:01:00.0: PME# supported from D0 D3hot
[    0.577329] pci 0000:01:00.0: 63.008 Gb/s available PCIe bandwidth, limited by 8.0 GT/s PCIe x8 link at 0000:00:01.0 (capable of 126.016 Gb/s with 8.0 GT/s PCIe x16 link)
[    0.577430] pci 0000:01:00.1: [10de:10fa] type 00 class 0x040300
[    0.577444] pci 0000:01:00.1: reg 0x10: [mem 0xb4000000-0xb4003fff]
[    0.577605] pci 0000:00:01.0: PCI bridge to [bus 01-05]
[    0.577608] pci 0000:00:01.0:   bridge window [io  0x4000-0x4fff]
[    0.577611] pci 0000:00:01.0:   bridge window [mem 0xb3000000-0xb40fffff]
[    0.577615] pci 0000:00:01.0:   bridge window [mem 0xa0000000-0xb1ffffff 64bit pref]
[    0.577713] pci 0000:06:00.0: [144d:a808] type 00 class 0x010802
[    0.577737] pci 0000:06:00.0: reg 0x10: [mem 0xb4300000-0xb4303fff 64bit]
[    0.578031] pci 0000:00:1b.0: PCI bridge to [bus 06]
[    0.578036] pci 0000:00:1b.0:   bridge window [mem 0xb4300000-0xb43fffff]
[    0.578097] pci 0000:00:1d.0: PCI bridge to [bus 07]
[    0.578181] pci 0000:08:00.0: [10ec:5287] type 00 class 0xff0000
[    0.578203] pci 0000:08:00.0: reg 0x10: [mem 0xb4205000-0xb4205fff]
[    0.578269] pci 0000:08:00.0: reg 0x30: [mem 0xffff0000-0xffffffff pref]
[    0.578379] pci 0000:08:00.0: supports D1 D2
[    0.578380] pci 0000:08:00.0: PME# supported from D1 D2 D3hot D3cold
[    0.578645] pci 0000:08:00.1: [10ec:8168] type 00 class 0x020000
[    0.578668] pci 0000:08:00.1: reg 0x10: [io  0x3000-0x30ff]
[    0.578697] pci 0000:08:00.1: reg 0x18: [mem 0xb4204000-0xb4204fff 64bit]
[    0.578715] pci 0000:08:00.1: reg 0x20: [mem 0xb4200000-0xb4203fff 64bit]
[    0.578839] pci 0000:08:00.1: supports D1 D2
[    0.578840] pci 0000:08:00.1: PME# supported from D0 D1 D2 D3hot D3cold
[    0.578989] pci 0000:00:1d.6: PCI bridge to [bus 08]
[    0.578993] pci 0000:00:1d.6:   bridge window [io  0x3000-0x3fff]
[    0.578996] pci 0000:00:1d.6:   bridge window [mem 0xb4200000-0xb42fffff]
[    0.581831] ACPI: EC: interrupt unblocked
[    0.581832] ACPI: EC: event unblocked
[    0.581859] ACPI: EC: EC_CMD/EC_SC=0x66, EC_DATA=0x62
[    0.581859] ACPI: EC: GPE=0x3
[    0.581862] ACPI: \_SB_.PCI0.LPCB.EC__: Boot DSDT EC initialization complete
[    0.581863] ACPI: \_SB_.PCI0.LPCB.EC__: EC: Used to handle transactions and events
[    0.581969] iommu: Default domain type: Translated 
[    0.581986] pci 0000:00:02.0: vgaarb: setting as boot VGA device
[    0.581986] pci 0000:00:02.0: vgaarb: VGA device added: decodes=io+mem,owns=io+mem,locks=none
[    0.581986] pci 0000:01:00.0: vgaarb: VGA device added: decodes=io+mem,owns=none,locks=none
[    0.581986] pci 0000:00:02.0: vgaarb: no bridge control possible
[    0.581986] pci 0000:01:00.0: vgaarb: bridge control possible
[    0.581986] vgaarb: loaded
[    0.581986] EDAC MC: Ver: 3.0.0
[    0.581986] Registered efivars operations
[    0.581986] NetLabel: Initializing
[    0.581986] NetLabel:  domain hash size = 128
[    0.581986] NetLabel:  protocols = UNLABELED CIPSOv4 CALIPSO
[    0.581986] NetLabel:  unlabeled traffic allowed by default
[    0.581986] PCI: Using ACPI for IRQ routing
[    0.621605] PCI: pci_cache_line_size set to 64 bytes
[    0.621743] e820: reserve RAM buffer [mem 0x0009f000-0x0009ffff]
[    0.621745] e820: reserve RAM buffer [mem 0x80fc8000-0x83ffffff]
[    0.621746] e820: reserve RAM buffer [mem 0x87028000-0x87ffffff]
[    0.621748] e820: reserve RAM buffer [mem 0x97adf000-0x97ffffff]
[    0.621749] e820: reserve RAM buffer [mem 0x99c10000-0x9bffffff]
[    0.621750] e820: reserve RAM buffer [mem 0x85e800000-0x85fffffff]
[    0.624150] clocksource: Switched to clocksource tsc-early
[    0.637298] VFS: Disk quotas dquot_6.6.0
[    0.637319] VFS: Dquot-cache hash table entries: 512 (order 0, 4096 bytes)
[    0.637382] pnp: PnP ACPI init
[    0.637830] system 00:00: [io  0x1800-0x18fe] has been reserved
[    0.637832] system 00:00: [mem 0xfd000000-0xfd69ffff] has been reserved
[    0.637834] system 00:00: [mem 0xfd6c0000-0xfd6cffff] has been reserved
[    0.637836] system 00:00: [mem 0xfd6f0000-0xfdffffff] has been reserved
[    0.637838] system 00:00: [mem 0xfe000000-0xfe01ffff] could not be reserved
[    0.637840] system 00:00: [mem 0xfe200000-0xfe7fffff] has been reserved
[    0.637842] system 00:00: [mem 0xff000000-0xffffffff] could not be reserved
[    0.637848] system 00:00: Plug and Play ACPI device, IDs PNP0c02 (active)
[    0.638318] system 00:01: [io  0x2000-0x20fe] has been reserved
[    0.638323] system 00:01: Plug and Play ACPI device, IDs PNP0c02 (active)
[    0.638402] pnp 00:02: disabling [io  0x3322-0x3323] because it overlaps 0000:00:1d.6 BAR 13 [io  0x3000-0x3fff]
[    0.638434] system 00:02: [io  0x0680-0x069f] has been reserved
[    0.638435] system 00:02: [io  0x164e-0x164f] has been reserved
[    0.638440] system 00:02: Plug and Play ACPI device, IDs PNP0c02 (active)
[    0.638465] pnp 00:03: Plug and Play ACPI device, IDs PNP0b00 (active)
[    0.638605] system 00:04: [io  0x1854-0x1857] has been reserved
[    0.638609] system 00:04: Plug and Play ACPI device, IDs INT3f0d PNP0c02 (active)
[    0.638640] pnp 00:05: Plug and Play ACPI device, IDs PNP0303 (active)
[    0.638661] pnp 00:06: Plug and Play ACPI device, IDs PNP0f13 (active)
[    0.640354] system 00:07: [mem 0xfe037000-0xfe037fff] has been reserved
[    0.640356] system 00:07: [mem 0xfe036008-0xfe036fff] has been reserved
[    0.640361] system 00:07: Plug and Play ACPI device, IDs PNP0c02 (active)
[    0.641087] system 00:08: [mem 0xfed10000-0xfed17fff] has been reserved
[    0.641089] system 00:08: [mem 0xfed18000-0xfed18fff] has been reserved
[    0.641091] system 00:08: [mem 0xfed19000-0xfed19fff] has been reserved
[    0.641093] system 00:08: [mem 0xe0000000-0xefffffff] has been reserved
[    0.641095] system 00:08: [mem 0xfed20000-0xfed3ffff] has been reserved
[    0.641096] system 00:08: [mem 0xfed90000-0xfed93fff] could not be reserved
[    0.641098] system 00:08: [mem 0xfed45000-0xfed8ffff] could not be reserved
[    0.641100] system 00:08: [mem 0xfee00000-0xfeefffff] could not be reserved
[    0.641105] system 00:08: Plug and Play ACPI device, IDs PNP0c02 (active)
[    0.641333] pnp: PnP ACPI: found 9 devices
[    0.647459] clocksource: acpi_pm: mask: 0xffffff max_cycles: 0xffffff, max_idle_ns: 2085701024 ns
[    0.647542] NET: Registered protocol family 2
[    0.647757] IP idents hash table entries: 262144 (order: 9, 2097152 bytes, linear)
[    0.650480] tcp_listen_portaddr_hash hash table entries: 16384 (order: 6, 262144 bytes, linear)
[    0.650705] TCP established hash table entries: 262144 (order: 9, 2097152 bytes, linear)
[    0.651113] TCP bind hash table entries: 65536 (order: 8, 1048576 bytes, linear)
[    0.651233] TCP: Hash tables configured (established 262144 bind 65536)
[    0.651316] UDP hash table entries: 16384 (order: 7, 524288 bytes, linear)
[    0.651435] UDP-Lite hash table entries: 16384 (order: 7, 524288 bytes, linear)
[    0.651705] NET: Registered protocol family 1
[    0.651711] NET: Registered protocol family 44
[    0.651716] pci 0000:01:00.0: can't claim BAR 6 [mem 0xfff80000-0xffffffff pref]: no compatible bridge window
[    0.651719] pci 0000:08:00.0: can't claim BAR 6 [mem 0xffff0000-0xffffffff pref]: no compatible bridge window
[    0.651726] pci 0000:00:1d.0: bridge window [io  0x1000-0x0fff] to [bus 07] add_size 1000
[    0.651729] pci 0000:00:1d.0: bridge window [mem 0x00100000-0x000fffff 64bit pref] to [bus 07] add_size 200000 add_align 100000
[    0.651731] pci 0000:00:1d.0: bridge window [mem 0x00100000-0x000fffff] to [bus 07] add_size 200000 add_align 100000
[    0.651740] pci 0000:00:1d.0: BAR 14: assigned [mem 0x9f800000-0x9f9fffff]
[    0.651746] pci 0000:00:1d.0: BAR 15: assigned [mem 0x9fa00000-0x9fbfffff 64bit pref]
[    0.651751] pci 0000:00:15.0: BAR 0: assigned [mem 0x9fc00000-0x9fc00fff 64bit]
[    0.651766] pci 0000:00:1d.0: BAR 13: assigned [io  0x6000-0x6fff]
[    0.651770] pci 0000:01:00.0: BAR 6: assigned [mem 0xb4080000-0xb40fffff pref]
[    0.651772] pci 0000:00:01.0: PCI bridge to [bus 01-05]
[    0.651774] pci 0000:00:01.0:   bridge window [io  0x4000-0x4fff]
[    0.651777] pci 0000:00:01.0:   bridge window [mem 0xb3000000-0xb40fffff]
[    0.651780] pci 0000:00:01.0:   bridge window [mem 0xa0000000-0xb1ffffff 64bit pref]
[    0.651785] pci 0000:00:1b.0: PCI bridge to [bus 06]
[    0.651794] pci 0000:00:1b.0:   bridge window [mem 0xb4300000-0xb43fffff]
[    0.651802] pci 0000:00:1d.0: PCI bridge to [bus 07]
[    0.651805] pci 0000:00:1d.0:   bridge window [io  0x6000-0x6fff]
[    0.651810] pci 0000:00:1d.0:   bridge window [mem 0x9f800000-0x9f9fffff]
[    0.651813] pci 0000:00:1d.0:   bridge window [mem 0x9fa00000-0x9fbfffff 64bit pref]
[    0.651819] pci 0000:08:00.0: BAR 6: assigned [mem 0xb4210000-0xb421ffff pref]
[    0.651821] pci 0000:00:1d.6: PCI bridge to [bus 08]
[    0.651823] pci 0000:00:1d.6:   bridge window [io  0x3000-0x3fff]
[    0.651827] pci 0000:00:1d.6:   bridge window [mem 0xb4200000-0xb42fffff]
[    0.651835] pci_bus 0000:00: resource 4 [io  0x0000-0x0cf7 window]
[    0.651836] pci_bus 0000:00: resource 5 [io  0x0d00-0xffff window]
[    0.651838] pci_bus 0000:00: resource 6 [mem 0x000a0000-0x000bffff window]
[    0.651839] pci_bus 0000:00: resource 7 [mem 0x9f800000-0xdfffffff window]
[    0.651841] pci_bus 0000:00: resource 8 [mem 0xfc800000-0xfe7fffff window]
[    0.651842] pci_bus 0000:01: resource 0 [io  0x4000-0x4fff]
[    0.651844] pci_bus 0000:01: resource 1 [mem 0xb3000000-0xb40fffff]
[    0.651845] pci_bus 0000:01: resource 2 [mem 0xa0000000-0xb1ffffff 64bit pref]
[    0.651847] pci_bus 0000:06: resource 1 [mem 0xb4300000-0xb43fffff]
[    0.651848] pci_bus 0000:07: resource 0 [io  0x6000-0x6fff]
[    0.651850] pci_bus 0000:07: resource 1 [mem 0x9f800000-0x9f9fffff]
[    0.651851] pci_bus 0000:07: resource 2 [mem 0x9fa00000-0x9fbfffff 64bit pref]
[    0.651853] pci_bus 0000:08: resource 0 [io  0x3000-0x3fff]
[    0.651854] pci_bus 0000:08: resource 1 [mem 0xb4200000-0xb42fffff]
[    0.652012] pci 0000:00:02.0: Video device with shadowed ROM at [mem 0x000c0000-0x000dffff]
[    0.653771] pci 0000:01:00.1: D0 power state depends on 0000:01:00.0
[    0.653806] PCI: CLS 64 bytes, default 64
[    0.653895] Trying to unpack rootfs image as initramfs...
[    1.730702] Freeing initrd memory: 47444K
[    1.730748] DMAR: No ATSR found
[    1.730833] DMAR: dmar0: Using Queued invalidation
[    1.730837] DMAR: dmar1: Using Queued invalidation
[    1.731191] pci 0000:00:00.0: Adding to iommu group 0
[    1.731211] pci 0000:00:01.0: Adding to iommu group 1
[    1.731223] pci 0000:00:02.0: Adding to iommu group 2
[    1.731240] pci 0000:00:12.0: Adding to iommu group 3
[    1.731262] pci 0000:00:14.0: Adding to iommu group 4
[    1.731274] pci 0000:00:14.2: Adding to iommu group 4
[    1.731291] pci 0000:00:15.0: Adding to iommu group 5
[    1.731307] pci 0000:00:16.0: Adding to iommu group 6
[    1.731319] pci 0000:00:17.0: Adding to iommu group 7
[    1.731340] pci 0000:00:1b.0: Adding to iommu group 8
[    1.731363] pci 0000:00:1d.0: Adding to iommu group 9
[    1.731379] pci 0000:00:1d.6: Adding to iommu group 10
[    1.731412] pci 0000:00:1f.0: Adding to iommu group 11
[    1.731426] pci 0000:00:1f.3: Adding to iommu group 11
[    1.731439] pci 0000:00:1f.4: Adding to iommu group 11
[    1.731452] pci 0000:00:1f.5: Adding to iommu group 11
[    1.731457] pci 0000:01:00.0: Adding to iommu group 1
[    1.731463] pci 0000:01:00.1: Adding to iommu group 1
[    1.731483] pci 0000:06:00.0: Adding to iommu group 12
[    1.731511] pci 0000:08:00.0: Adding to iommu group 13
[    1.731530] pci 0000:08:00.1: Adding to iommu group 13
[    1.735525] DMAR: Intel(R) Virtualization Technology for Directed I/O
[    1.735526] PCI-DMA: Using software bounce buffering for IO (SWIOTLB)
[    1.735529] software IO TLB: mapped [mem 0x0000000092e2c000-0x0000000096e2c000] (64MB)
[    1.736449] Initialise system trusted keyrings
[    1.736467] Key type blacklist registered
[    1.736526] workingset: timestamp_bits=36 max_order=23 bucket_order=0
[    1.738109] zbud: loaded
[    1.738284] integrity: Platform Keyring initialized
[    1.738286] Key type asymmetric registered
[    1.738288] Asymmetric key parser 'x509' registered
[    1.738296] Block layer SCSI generic (bsg) driver version 0.4 loaded (major 251)
[    1.738345] io scheduler mq-deadline registered
[    1.741041] pcieport 0000:00:01.0: PME: Signaling with IRQ 122
[    1.741366] pcieport 0000:00:1b.0: PME: Signaling with IRQ 123
[    1.741457] pcieport 0000:00:1b.0: AER: enabled with IRQ 123
[    1.741511] pcieport 0000:00:1b.0: DPC: enabled with IRQ 123
[    1.741513] pcieport 0000:00:1b.0: DPC: error containment capabilities: Int Msg #0, RPExt+ PoisonedTLP+ SwTrigger+ RP PIO Log 4, DL_ActiveErr+
[    1.741671] pcieport 0000:00:1d.0: PME: Signaling with IRQ 124
[    1.741706] pcieport 0000:00:1d.0: pciehp: Slot #0 AttnBtn- PwrCtrl- MRL- AttnInd- PwrInd- HotPlug+ Surprise+ Interlock- NoCompl+ IbPresDis- LLActRep+
[    1.742071] pcieport 0000:00:1d.6: PME: Signaling with IRQ 125
[    1.742184] shpchp: Standard Hot Plug PCI Controller Driver version: 0.4
[    1.742204] efifb: probing for efifb
[    1.742221] efifb: framebuffer at 0xb8000000, using 1920k, total 1920k
[    1.742223] efifb: mode is 800x600x32, linelength=3200, pages=1
[    1.742223] efifb: scrolling: redraw
[    1.742225] efifb: Truecolor: size=8:8:8:8, shift=24:16:8:0
[    1.742332] Console: switching to colour frame buffer device 100x37
[    1.744174] fb0: EFI VGA frame buffer device
[    1.744184] intel_idle: MWAIT substates: 0x11142120
[    1.744186] intel_idle: v0.5.1 model 0x9E
[    1.745283] intel_idle: Local APIC timer is reliable in all C-states
[    1.746936] ACPI: Invalid active0 threshold
[    1.747147] thermal LNXTHERM:00: registered as thermal_zone0
[    1.747149] ACPI: Thermal Zone [TZ0] (52 C)
[    1.747397] Serial: 8250/16550 driver, 4 ports, IRQ sharing enabled
[    1.748285] hpet_acpi_add: no address or irqs in _CRS
[    1.748326] Linux agpgart interface v0.103
[    1.748375] AMD-Vi: AMD IOMMUv2 driver by Joerg Roedel <jroedel@suse.de>
[    1.748376] AMD-Vi: AMD IOMMUv2 functionality not available on this system
[    1.749542] i8042: PNP: PS/2 Controller [PNP0303:PS2K,PNP0f13:PS2M] at 0x60,0x64 irq 1,12
[    2.370927] i8042: Detected active multiplexing controller, rev 1.1
[    2.374442] serio: i8042 KBD port at 0x60,0x64 irq 1
[    2.374446] serio: i8042 AUX0 port at 0x60,0x64 irq 12
[    2.374480] serio: i8042 AUX1 port at 0x60,0x64 irq 12
[    2.374503] serio: i8042 AUX2 port at 0x60,0x64 irq 12
[    2.374524] serio: i8042 AUX3 port at 0x60,0x64 irq 12
[    2.374732] mousedev: PS/2 mouse device common for all mice
[    2.374792] rtc_cmos 00:03: RTC can wake from S4
[    2.375705] rtc_cmos 00:03: registered as rtc0
[    2.375926] rtc_cmos 00:03: setting system clock to 2021-06-23T22:15:02 UTC (1624486502)
[    2.375967] rtc_cmos 00:03: alarms up to one month, y3k, 242 bytes nvram
[    2.375977] intel_pstate: Intel P-state driver initializing
[    2.377009] input: AT Translated Set 2 keyboard as /devices/platform/i8042/serio0/input/input0
[    2.377094] intel_pstate: Disabling energy efficiency optimization
[    2.377095] intel_pstate: HWP enabled
[    2.377816] ledtrig-cpu: registered to indicate activity on CPUs
[    2.378168] NET: Registered protocol family 10
[    2.385467] Segment Routing with IPv6
[    2.385484] mip6: Mobile IPv6
[    2.385486] NET: Registered protocol family 17
[    2.385572] mpls_gso: MPLS GSO support
[    2.386579] microcode: sig=0x906ea, pf=0x20, revision=0xde
[    2.386963] microcode: Microcode Update Driver: v2.2.
[    2.386966] IPI shorthand broadcast: enabled
[    2.386972] sched_clock: Marking stable (2378149604, 8386429)->(2417077365, -30541332)
[    2.387174] registered taskstats version 1
[    2.387176] Loading compiled-in X.509 certificates
[    2.406654] Loaded X.509 cert 'Debian Secure Boot CA: 6ccece7e4c6c0d1f6149f3dd27dfcc5cbb419ea1'
[    2.406665] Loaded X.509 cert 'Debian Secure Boot Signer 2021 - linux: 4b6ef5abca669825178e052c84667ccbc0531f8c'
[    2.406687] zswap: loaded using pool lzo/zbud
[    2.407160] Key type ._fscrypt registered
[    2.407160] Key type .fscrypt registered
[    2.407161] Key type fscrypt-provisioning registered
[    2.409004] integrity: Loading X.509 certificate: UEFI:db
[    2.409027] integrity: Loaded X.509 cert 'Microsoft Windows Production PCA 2011: a92902398e16c49778cd90f99e4f9ae17c55af53'
[    2.409027] integrity: Loading X.509 certificate: UEFI:db
[    2.409044] integrity: Loaded X.509 cert 'Microsoft Corporation UEFI CA 2011: 13adbf4309bd82709c8cd54f316ed522988a1bd4'
[    2.409044] integrity: Loading X.509 certificate: UEFI:db
[    2.409160] integrity: Loaded X.509 cert 'Secure Certificate: 01dcc89619884ca147983429f8a4a1a0'
[    2.461252] Freeing unused kernel image (initmem) memory: 2396K
[    2.480271] Write protecting the kernel read-only data: 22528k
[    2.481258] Freeing unused kernel image (text/rodata gap) memory: 2040K
[    2.481623] Freeing unused kernel image (rodata/data gap) memory: 644K
[    2.549721] x86/mm: Checked W+X mappings: passed, no W+X pages found.
[    2.549722] x86/mm: Checking user space page tables
[    2.582848] x86/mm: Checked W+X mappings: passed, no W+X pages found.
[    2.582850] Run /init as init process
[    2.582851]   with arguments:
[    2.582851]     /init
[    2.582852]   with environment:
[    2.582852]     HOME=/
[    2.582852]     TERM=linux
[    2.582853]     BOOT_IMAGE=/boot/vmlinuz-5.10.0-7-amd64
[    2.582853]     selinux=0
[    2.662493] wmi_bus wmi_bus-PNP0C14:01: WQ data block query control method not found
[    2.662495] wmi_bus wmi_bus-PNP0C14:01: WQ data block query control method not found
[    2.662496] wmi_bus wmi_bus-PNP0C14:01: WQ data block query control method not found
[    2.662498] wmi_bus wmi_bus-PNP0C14:01: WQ data block query control method not found
[    2.662683] acpi PNP0C14:04: duplicate WMI GUID 05901221-D566-11D1-B2F0-00A0C9062910 (first instance was on PNP0C14:03)
[    2.667152] battery: ACPI: Battery Slot [BAT0] (battery absent)
[    2.670356] hid: raw HID events driver (C) Jiri Kosina
[    2.670468] intel-lpss 0000:00:15.0: enabling device (0000 -> 0002)
[    2.670708] i801_smbus 0000:00:1f.4: SPD Write Disable is set
[    2.670762] i801_smbus 0000:00:1f.4: SMBus using PCI interrupt
[    2.671147] idma64 idma64.0: Found Intel integrated DMA 64-bit
[    2.672676] i2c i2c-0: 2/2 memory slots populated (from DMI)
[    2.673072] i2c i2c-0: Successfully instantiated SPD at 0x50
[    2.676729] SCSI subsystem initialized
[    2.679297] cryptd: max_cpu_qlen set to 1000
[    2.681830] ACPI: bus type USB registered
[    2.681846] usbcore: registered new interface driver usbfs
[    2.681854] usbcore: registered new interface driver hub
[    2.681863] usbcore: registered new device driver usb
[    2.681979] r8169 0000:08:00.1: can't disable ASPM; OS doesn't have ASPM control
[    2.689799] AVX2 version of gcm_enc/dec engaged.
[    2.689800] AES CTR mode by8 optimization enabled
[    2.690578] libata version 3.00 loaded.
[    2.693335] ahci 0000:00:17.0: version 3.0
[    2.696251] nvme nvme0: pci function 0000:06:00.0
[    2.696655] ahci 0000:00:17.0: AHCI 0001.0301 32 slots 1 ports 6 Gbps 0x10 impl SATA mode
[    2.696657] ahci 0000:00:17.0: flags: 64bit ncq sntf pm clo only pio slum part ems deso sadm sds apst 
[    2.696833] xhci_hcd 0000:00:14.0: xHCI Host Controller
[    2.696838] xhci_hcd 0000:00:14.0: new USB bus registered, assigned bus number 1
[    2.697279] i2c_hid i2c-SYNA1202:00: supply vdd not found, using dummy regulator
[    2.697303] i2c_hid i2c-SYNA1202:00: supply vddl not found, using dummy regulator
[    2.697902] scsi host0: ahci
[    2.697975] xhci_hcd 0000:00:14.0: hcc params 0x200077c1 hci version 0x110 quirks 0x0000000000009810
[    2.697986] xhci_hcd 0000:00:14.0: cache line size of 64 is not supported
[    2.698087] scsi host1: ahci
[    2.698174] usb usb1: New USB device found, idVendor=1d6b, idProduct=0002, bcdDevice= 5.10
[    2.698175] usb usb1: New USB device strings: Mfr=3, Product=2, SerialNumber=1
[    2.698176] usb usb1: Product: xHCI Host Controller
[    2.698176] usb usb1: Manufacturer: Linux 5.10.0-7-amd64 xhci-hcd
[    2.698177] usb usb1: SerialNumber: 0000:00:14.0
[    2.698239] scsi host2: ahci
[    2.698256] hub 1-0:1.0: USB hub found
[    2.698282] hub 1-0:1.0: 16 ports detected
[    2.698419] scsi host3: ahci
[    2.698643] scsi host4: ahci
[    2.698776] ata1: DUMMY
[    2.698777] ata2: DUMMY
[    2.698777] ata3: DUMMY
[    2.698778] ata4: DUMMY
[    2.698784] ata5: SATA max UDMA/133 abar m2048@0xb441e000 port 0xb441e300 irq 127
[    2.699762] xhci_hcd 0000:00:14.0: xHCI Host Controller
[    2.699764] xhci_hcd 0000:00:14.0: new USB bus registered, assigned bus number 2
[    2.699766] xhci_hcd 0000:00:14.0: Host supports USB 3.1 Enhanced SuperSpeed
[    2.699786] usb usb2: New USB device found, idVendor=1d6b, idProduct=0003, bcdDevice= 5.10
[    2.699787] usb usb2: New USB device strings: Mfr=3, Product=2, SerialNumber=1
[    2.699788] usb usb2: Product: xHCI Host Controller
[    2.699788] usb usb2: Manufacturer: Linux 5.10.0-7-amd64 xhci-hcd
[    2.699789] usb usb2: SerialNumber: 0000:00:14.0
[    2.699860] hub 2-0:1.0: USB hub found
[    2.699878] hub 2-0:1.0: 8 ports detected
[    2.700129] usb: port power management may be unreliable
[    2.702602] nvme nvme0: missing or invalid SUBNQN field.
[    2.702617] nvme nvme0: Shutdown timeout set to 8 seconds
[    2.713484] libphy: r8169: probed
[    2.713598] r8169 0000:08:00.1 eth0: RTL8411b, 80:fa:5b:6a:03:56, XID 5c8, IRQ 143
[    2.713600] r8169 0000:08:00.1 eth0: jumbo features [frames: 9194 bytes, tx checksumming: ko]
[    2.714241] r8169 0000:08:00.1 enp8s0f1: renamed from eth0
[    2.716495] nvme nvme0: 12/0/0 default/read/poll queues
[    2.718559]  nvme0n1: p1 p2 p3
[    2.752278] tsc: Refined TSC clocksource calibration: 2592.004 MHz
[    2.752294] clocksource: tsc: mask: 0xffffffffffffffff max_cycles: 0x255cbae350f, max_idle_ns: 440795327587 ns
[    2.752358] clocksource: Switched to clocksource tsc
[    3.011624] ata5: SATA link down (SStatus 4 SControl 300)
[    3.017784] input: SYNA1202:00 06CB:CD65 Mouse as /devices/pci0000:00/0000:00:15.0/i2c_designware.0/i2c-1/i2c-SYNA1202:00/0018:06CB:CD65.0001/input/input9
[    3.018035] input: SYNA1202:00 06CB:CD65 Touchpad as /devices/pci0000:00/0000:00:15.0/i2c_designware.0/i2c-1/i2c-SYNA1202:00/0018:06CB:CD65.0001/input/input10
[    3.018423] hid-generic 0018:06CB:CD65.0001: input,hidraw0: I2C HID v1.00 Mouse [SYNA1202:00 06CB:CD65] on i2c-SYNA1202:00
[    3.032179] usb 1-1: new high-speed USB device number 2 using xhci_hcd
[    3.140211] raid6: avx2x4   gen() 36415 MB/s
[    3.181621] usb 1-1: New USB device found, idVendor=05e3, idProduct=0608, bcdDevice=85.37
[    3.181623] usb 1-1: New USB device strings: Mfr=0, Product=1, SerialNumber=0
[    3.181623] usb 1-1: Product: USB2.0 Hub
[    3.182477] hub 1-1:1.0: USB hub found
[    3.182782] hub 1-1:1.0: 4 ports detected
[    3.208185] raid6: avx2x4   xor() 20183 MB/s
[    3.276211] raid6: avx2x2   gen() 44977 MB/s
[    3.344184] raid6: avx2x2   xor() 26746 MB/s
[    3.412222] raid6: avx2x1   gen() 37620 MB/s
[    3.472222] usb 1-1.1: new full-speed USB device number 3 using xhci_hcd
[    3.480219] raid6: avx2x1   xor() 20155 MB/s
[    3.548190] raid6: sse2x4   gen() 18580 MB/s
[    3.574420] usb 1-1.1: New USB device found, idVendor=046d, idProduct=c08b, bcdDevice=27.02
[    3.574421] usb 1-1.1: New USB device strings: Mfr=1, Product=2, SerialNumber=3
[    3.574422] usb 1-1.1: Product: G502 HERO Gaming Mouse
[    3.574422] usb 1-1.1: Manufacturer: Logitech
[    3.574423] usb 1-1.1: SerialNumber: 017138773232
[    3.583182] input: Logitech G502 HERO Gaming Mouse as /devices/pci0000:00/0000:00:14.0/usb1/1-1/1-1.1/1-1.1:1.0/0003:046D:C08B.0002/input/input12
[    3.583383] hid-generic 0003:046D:C08B.0002: input,hidraw1: USB HID v1.11 Mouse [Logitech G502 HERO Gaming Mouse] on usb-0000:00:14.0-1.1/input0
[    3.584402] input: Logitech G502 HERO Gaming Mouse Keyboard as /devices/pci0000:00/0000:00:14.0/usb1/1-1/1-1.1/1-1.1:1.1/0003:046D:C08B.0003/input/input13
[    3.616150] raid6: sse2x4   xor() 10742 MB/s
[    3.644276] input: Logitech G502 HERO Gaming Mouse Consumer Control as /devices/pci0000:00/0000:00:14.0/usb1/1-1/1-1.1/1-1.1:1.1/0003:046D:C08B.0003/input/input14
[    3.644289] input: Logitech G502 HERO Gaming Mouse System Control as /devices/pci0000:00/0000:00:14.0/usb1/1-1/1-1.1/1-1.1:1.1/0003:046D:C08B.0003/input/input15
[    3.644499] hid-generic 0003:046D:C08B.0003: input,hiddev0,hidraw2: USB HID v1.11 Keyboard [Logitech G502 HERO Gaming Mouse] on usb-0000:00:14.0-1.1/input1
[    3.644518] usbcore: registered new interface driver usbhid
[    3.644518] usbhid: USB HID core driver
[    3.660222] usb 1-1.2: new full-speed USB device number 4 using xhci_hcd
[    3.684220] raid6: sse2x2   gen() 18344 MB/s
[    3.752219] raid6: sse2x2   xor() 11494 MB/s
[    3.761983] usb 1-1.2: New USB device found, idVendor=0951, idProduct=16b7, bcdDevice= 2.17
[    3.761984] usb 1-1.2: New USB device strings: Mfr=1, Product=2, SerialNumber=0
[    3.761985] usb 1-1.2: Product: HyperX Alloy FPS Mechanical Gaming Keyboard
[    3.761985] usb 1-1.2: Manufacturer: Kingston
[    3.770010] input: Kingston HyperX Alloy FPS Mechanical Gaming Keyboard as /devices/pci0000:00/0000:00:14.0/usb1/1-1/1-1.2/1-1.2:1.0/0003:0951:16B7.0004/input/input18
[    3.820221] raid6: sse2x1   gen() 15659 MB/s
[    3.828407] hid-generic 0003:0951:16B7.0004: input,hidraw3: USB HID v1.11 Keyboard [Kingston HyperX Alloy FPS Mechanical Gaming Keyboard] on usb-0000:00:14.0-1.2/input0
[    3.829604] input: Kingston HyperX Alloy FPS Mechanical Gaming Keyboard Mouse as /devices/pci0000:00/0000:00:14.0/usb1/1-1/1-1.2/1-1.2:1.1/0003:0951:16B7.0005/input/input19
[    3.829741] input: Kingston HyperX Alloy FPS Mechanical Gaming Keyboard System Control as /devices/pci0000:00/0000:00:14.0/usb1/1-1/1-1.2/1-1.2:1.1/0003:0951:16B7.0005/input/input20
[    3.888214] raid6: sse2x1   xor()  7862 MB/s
[    3.888215] raid6: using algorithm avx2x2 gen() 44977 MB/s
[    3.888215] raid6: .... xor() 26746 MB/s, rmw enabled
[    3.888216] raid6: using avx2x2 recovery algorithm
[    3.888281] input: Kingston HyperX Alloy FPS Mechanical Gaming Keyboard Consumer Control as /devices/pci0000:00/0000:00:14.0/usb1/1-1/1-1.2/1-1.2:1.1/0003:0951:16B7.0005/input/input21
[    3.888333] input: Kingston HyperX Alloy FPS Mechanical Gaming Keyboard as /devices/pci0000:00/0000:00:14.0/usb1/1-1/1-1.2/1-1.2:1.1/0003:0951:16B7.0005/input/input23
[    3.888516] hid-generic 0003:0951:16B7.0005: input,hiddev1,hidraw4: USB HID v1.11 Mouse [Kingston HyperX Alloy FPS Mechanical Gaming Keyboard] on usb-0000:00:14.0-1.2/input1
[    3.888968] xor: automatically using best checksumming function   avx       
[    3.889098] hid-generic 0003:0951:16B7.0006: hiddev2,hidraw5: USB HID v1.11 Device [Kingston HyperX Alloy FPS Mechanical Gaming Keyboard] on usb-0000:00:14.0-1.2/input2
[    3.889342] async_tx: api initialized (async)
[    3.950674] Btrfs loaded, crc32c=crc32c-intel
[    3.993519] PM: Image not found (code -22)
[    4.089106] EXT4-fs (nvme0n1p2): mounted filesystem with ordered data mode. Opts: (null)
[    4.146325] systemd[1]: Inserted module 'autofs4'
[    4.229761] systemd[1]: systemd 247.3-5 running in system mode. (+PAM +AUDIT +SELINUX +IMA +APPARMOR +SMACK +SYSVINIT +UTMP +LIBCRYPTSETUP +GCRYPT +GNUTLS +ACL +XZ +LZ4 +ZSTD +SECCOMP +BLKID +ELFUTILS +KMOD +IDN2 -IDN +PCRE2 default-hierarchy=unified)
[    4.248406] systemd[1]: Detected architecture x86-64.
[    4.248795] systemd[1]: Set hostname to <none>.
[    4.350440] systemd[1]: Queued start job for default target Graphical Interface.
[    4.351370] systemd[1]: Created slice system-getty.slice.
[    4.351511] systemd[1]: Created slice system-modprobe.slice.
[    4.351664] systemd[1]: Created slice system-systemd\x2dfsck.slice.
[    4.351767] systemd[1]: Created slice User and Session Slice.
[    4.351815] systemd[1]: Started Dispatch Password Requests to Console Directory Watch.
[    4.351845] systemd[1]: Started Forward Password Requests to Wall Directory Watch.
[    4.351932] systemd[1]: Set up automount Arbitrary Executable File Formats File System Automount Point.
[    4.351954] systemd[1]: Reached target Local Encrypted Volumes.
[    4.351973] systemd[1]: Reached target Paths.
[    4.351983] systemd[1]: Reached target Remote File Systems.
[    4.351990] systemd[1]: Reached target Slices.
[    4.352044] systemd[1]: Listening on Device-mapper event daemon FIFOs.
[    4.352104] systemd[1]: Listening on LVM2 poll daemon socket.
[    4.352163] systemd[1]: Listening on Syslog Socket.
[    4.352261] systemd[1]: Listening on fsck to fsckd communication Socket.
[    4.352291] systemd[1]: Listening on initctl Compatibility Named Pipe.
[    4.352379] systemd[1]: Listening on Journal Audit Socket.
[    4.352437] systemd[1]: Listening on Journal Socket (/dev/log).
[    4.352497] systemd[1]: Listening on Journal Socket.
[    4.352998] systemd[1]: Listening on udev Control Socket.
[    4.353050] systemd[1]: Listening on udev Kernel Socket.
[    4.353456] systemd[1]: Mounting Huge Pages File System...
[    4.353872] systemd[1]: Mounting POSIX Message Queue File System...
[    4.354323] systemd[1]: Mounting Kernel Debug File System...
[    4.354766] systemd[1]: Mounting Kernel Trace File System...
[    4.354863] systemd[1]: Finished Availability of block devices.
[    4.355412] systemd[1]: Starting Set the console keyboard layout...
[    4.355850] systemd[1]: Starting Create list of static device nodes for the current kernel...
[    4.356310] systemd[1]: Starting Monitoring of LVM2 mirrors, snapshots etc. using dmeventd or progress polling...
[    4.356786] systemd[1]: Starting Load Kernel Module configfs...
[    4.357344] systemd[1]: Starting Load Kernel Module drm...
[    4.357811] systemd[1]: Starting Load Kernel Module fuse...
[    4.358064] systemd[1]: Condition check resulted in Set Up Additional Binary Formats being skipped.
[    4.358086] systemd[1]: Condition check resulted in File System Check on Root Device being skipped.
[    4.359077] systemd[1]: Starting Journal Service...
[    4.359871] systemd[1]: Starting Load Kernel Modules...
[    4.360526] systemd[1]: Starting Remount Root and Kernel File Systems...
[    4.361169] systemd[1]: Starting Coldplug All udev Devices...
[    4.361815] systemd[1]: Starting Uncomplicated firewall...
[    4.363042] systemd[1]: Mounted Huge Pages File System.
[    4.363115] systemd[1]: Mounted POSIX Message Queue File System.
[    4.363176] systemd[1]: Mounted Kernel Debug File System.
[    4.363233] systemd[1]: Mounted Kernel Trace File System.
[    4.363433] systemd[1]: Finished Set the console keyboard layout.
[    4.363668] systemd[1]: Finished Create list of static device nodes for the current kernel.
[    4.363837] systemd[1]: modprobe@configfs.service: Succeeded.
[    4.363997] systemd[1]: Finished Load Kernel Module configfs.
[    4.364641] systemd[1]: Mounting Kernel Configuration File System...
[    4.364816] fuse: init (API version 7.32)
[    4.365033] systemd[1]: Finished Load Kernel Modules.
[    4.365204] systemd[1]: modprobe@fuse.service: Succeeded.
[    4.365310] systemd[1]: Finished Load Kernel Module fuse.
[    4.365856] systemd[1]: Mounting FUSE Control File System...
[    4.366315] systemd[1]: Starting Apply Kernel Variables...
[    4.366859] EXT4-fs (nvme0n1p2): re-mounted. Opts: (null)
[    4.367077] systemd[1]: Mounted Kernel Configuration File System.
[    4.367625] systemd[1]: Finished Remount Root and Kernel File Systems.
[    4.367695] systemd[1]: Mounted FUSE Control File System.
[    4.367946] systemd[1]: Condition check resulted in Rebuild Hardware Database being skipped.
[    4.367965] systemd[1]: Condition check resulted in Platform Persistent Storage Archival being skipped.
[    4.368386] systemd[1]: Starting Load/Save Random Seed...
[    4.368938] systemd[1]: Starting Create System Users...
[    4.375668] systemd[1]: Finished Create System Users.
[    4.376137] systemd[1]: Starting Create Static Device Nodes in /dev...
[    4.379146] systemd[1]: Finished Load/Save Random Seed.
[    4.379238] systemd[1]: Condition check resulted in First Boot Complete being skipped.
[    4.381784] systemd[1]: modprobe@drm.service: Succeeded.
[    4.381948] systemd[1]: Finished Load Kernel Module drm.
[    4.383274] systemd[1]: Finished Create Static Device Nodes in /dev.
[    4.384406] systemd[1]: Starting Rule-based Manager for Device Events and Files...
[    4.409863] systemd[1]: Started Rule-based Manager for Device Events and Files.
[    4.409955] systemd[1]: Started Journal Service.
[    4.415201] systemd-journald[416]: Received client request to flush runtime journal.
[    4.433422] ACPI: AC Adapter [AC] (on-line)
[    4.435482] input: Power Button as /devices/LNXSYSTM:00/LNXSYBUS:00/PNP0C0C:00/input/input24
[    4.436726] input: Intel HID events as /devices/platform/INT33D5:00/input/input25
[    4.450380] tpm_tis MSFT0101:00: 2.0 TPM (device-id 0x1B, rev-id 22)
[    4.455003] tpm tpm0: [Firmware Bug]: TPM interrupt not working, polling instead
[    4.469516] mei_me 0000:00:16.0: enabling device (0000 -> 0002)
[    4.506208] ee1004 0-0050: 512 byte EE1004-compliant SPD EEPROM, read-only
[    4.508524] iTCO_vendor_support: vendor-support=0
[    4.512646] iTCO_wdt: Intel TCO WatchDog Timer Driver v1.11
[    4.512678] iTCO_wdt: Found a Intel PCH TCO device (Version=6, TCOBASE=0x0400)
[    4.512857] iTCO_wdt: initialized. heartbeat=30 sec (nowayout=0)
[    4.540518] Adding 36055324k swap on /dev/nvme0n1p3.  Priority:-2 extents:1 across:36055324k SSFS
[    4.566286] pstore: Using crash dump compression: deflate
[    4.566298] pstore: Registered efi as persistent store backend
[    4.618660] snd_hda_intel 0000:00:1f.3: enabling device (0000 -> 0002)
[    4.618953] snd_hda_intel 0000:01:00.1: Disabling MSI
[    4.618957] snd_hda_intel 0000:01:00.1: Handle vga_switcheroo audio client
[    4.639293] input: PC Speaker as /devices/platform/pcspkr/input/input26
[    4.643385] i915 0000:00:02.0: [drm] VT-d active for gfx access
[    4.643388] checking generic (b8000000 1e0000) vs hw (b2000000 1000000)
[    4.643389] checking generic (b8000000 1e0000) vs hw (b8000000 8000000)
[    4.643390] fb0: switching to inteldrmfb from EFI VGA
[    4.643446] Console: switching to colour dummy device 80x25
[    4.643473] i915 0000:00:02.0: vgaarb: deactivate vga console
[    4.644604] input: HDA NVidia HDMI/DP,pcm=3 as /devices/pci0000:00/0000:00:01.0/0000:01:00.1/sound/card1/input27
[    4.644939] i915 0000:00:02.0: vgaarb: changed VGA decodes: olddecodes=io+mem,decodes=none:owns=io+mem
[    4.646808] i915 0000:00:02.0: firmware: direct-loading firmware i915/kbl_dmc_ver1_04.bin
[    4.647065] i915 0000:00:02.0: [drm] Finished loading DMC firmware i915/kbl_dmc_ver1_04.bin (v1.4)
[    4.677956] [drm] Initialized i915 1.6.0 20200917 for 0000:00:02.0 on minor 0
[    4.678361] ACPI: Video Device [PEGP] (multi-head: no  rom: yes  post: no)
[    4.678481] input: Video Bus as /devices/LNXSYSTM:00/LNXSYBUS:00/PNP0A08:00/device:00/LNXVIDEO:00/input/input31
[    4.700191] ACPI: Power Button [PWRB]
[    4.700234] input: Sleep Button as /devices/LNXSYSTM:00/LNXSYBUS:00/PNP0C0E:00/input/input32
[    4.733453] input: HDA NVidia HDMI/DP,pcm=7 as /devices/pci0000:00/0000:00:01.0/0000:01:00.1/sound/card1/input28
[    4.733546] ACPI: Sleep Button [SLPB]
[    4.733664] input: Lid Switch as /devices/LNXSYSTM:00/LNXSYBUS:00/PNP0C0D:00/input/input33
[    4.734634] ACPI: Video Device [GFX0] (multi-head: yes  rom: no  post: no)
[    4.734782] input: Video Bus as /devices/LNXSYSTM:00/LNXSYBUS:00/PNP0A08:00/LNXVIDEO:01/input/input34
[    4.774199] RAPL PMU: API unit is 2^-32 Joules, 5 fixed counters, 655360 ms ovfl timer
[    4.774201] RAPL PMU: hw unit of domain pp0-core 2^-14 Joules
[    4.774202] RAPL PMU: hw unit of domain package 2^-14 Joules
[    4.774202] RAPL PMU: hw unit of domain dram 2^-14 Joules
[    4.774203] RAPL PMU: hw unit of domain pp1-gpu 2^-14 Joules
[    4.774204] RAPL PMU: hw unit of domain psys 2^-14 Joules
[    4.816307] input: HDA NVidia HDMI/DP,pcm=8 as /devices/pci0000:00/0000:00:01.0/0000:01:00.1/sound/card1/input29
[    4.816394] input: HDA NVidia HDMI/DP,pcm=9 as /devices/pci0000:00/0000:00:01.0/0000:01:00.1/sound/card1/input30
[    4.816553] ACPI: Lid Switch [LID0]
[    4.816603] input: Power Button as /devices/LNXSYSTM:00/LNXPWRBN:00/input/input35
[    4.816707] snd_hda_intel 0000:00:1f.3: bound 0000:00:02.0 (ops i915_audio_component_bind_ops [i915])
[    4.816708] ACPI: Power Button [PWRF]
[    4.823686] input: SYNA1202:00 06CB:CD65 Mouse as /devices/pci0000:00/0000:00:15.0/i2c_designware.0/i2c-1/i2c-SYNA1202:00/0018:06CB:CD65.0001/input/input36
[    4.823911] input: SYNA1202:00 06CB:CD65 Touchpad as /devices/pci0000:00/0000:00:15.0/i2c_designware.0/i2c-1/i2c-SYNA1202:00/0018:06CB:CD65.0001/input/input37
[    4.823955] hid-multitouch 0018:06CB:CD65.0001: input,hidraw0: I2C HID v1.00 Mouse [SYNA1202:00 06CB:CD65] on i2c-SYNA1202:00
[    4.851573] fbcon: i915drmfb (fb0) is primary device
[    4.866855] r8169 0000:08:00.1: firmware: direct-loading firmware rtl_nic/rtl8411-2.fw
[    4.892167] Generic FE-GE Realtek PHY r8169-801:00: attached PHY driver [Generic FE-GE Realtek PHY] (mii_bus:phy_addr=r8169-801:00, irq=IGNORE)
[    4.938386] mei_hdcp 0000:00:16.0-b638ab7e-94e2-4ea2-a552-d1c54b627f04: bound 0000:00:02.0 (ops i915_hdcp_component_ops [i915])
[    4.941674] snd_hda_codec_realtek hdaudioC0D0: autoconfig for ALC269VC: line_outs=1 (0x14/0x0/0x0/0x0/0x0) type:speaker
[    4.941675] snd_hda_codec_realtek hdaudioC0D0:    speaker_outs=0 (0x0/0x0/0x0/0x0/0x0)
[    4.941677] snd_hda_codec_realtek hdaudioC0D0:    hp_outs=1 (0x15/0x0/0x0/0x0/0x0)
[    4.941677] snd_hda_codec_realtek hdaudioC0D0:    mono: mono_out=0x0
[    4.941678] snd_hda_codec_realtek hdaudioC0D0:    inputs:
[    4.941679] snd_hda_codec_realtek hdaudioC0D0:      Headset Mic=0x18
[    4.941680] snd_hda_codec_realtek hdaudioC0D0:      Mic=0x19
[    4.941681] snd_hda_codec_realtek hdaudioC0D0:      Internal Mic=0x12
[    4.956205] input: HDA Digital PCBeep as /devices/pci0000:00/0000:00:1f.3/sound/card0/input39
[    4.956230] input: HDA Intel PCH Headset Mic as /devices/pci0000:00/0000:00:1f.3/sound/card0/input40
[    4.956251] input: HDA Intel PCH Mic as /devices/pci0000:00/0000:00:1f.3/sound/card0/input41
[    4.956272] input: HDA Intel PCH Front Headphone as /devices/pci0000:00/0000:00:1f.3/sound/card0/input42
[    4.956292] input: HDA Intel PCH HDMI/DP,pcm=3 as /devices/pci0000:00/0000:00:1f.3/sound/card0/input43
[    4.956312] input: HDA Intel PCH HDMI/DP,pcm=7 as /devices/pci0000:00/0000:00:1f.3/sound/card0/input44
[    4.956332] input: HDA Intel PCH HDMI/DP,pcm=8 as /devices/pci0000:00/0000:00:1f.3/sound/card0/input45
[    4.956354] input: HDA Intel PCH HDMI/DP,pcm=9 as /devices/pci0000:00/0000:00:1f.3/sound/card0/input46
[    4.956374] input: HDA Intel PCH HDMI/DP,pcm=10 as /devices/pci0000:00/0000:00:1f.3/sound/card0/input47
[    5.024389] MXM: GUID detected in BIOS
[    5.024426] ACPI Warning: \_SB.PCI0.GFX0._DSM: Argument #4 type mismatch - Found [Buffer], ACPI requires [Package] (20200925/nsarguments-61)
[    5.024479] ACPI Warning: \_SB.PCI0.PEG0.PEGP._DSM: Argument #4 type mismatch - Found [Buffer], ACPI requires [Package] (20200925/nsarguments-61)
[    5.024753] pci 0000:01:00.0: optimus capabilities: enabled, status dynamic power, hda bios codec supported
[    5.024757] VGA switcheroo: detected Optimus DSM method \_SB_.PCI0.PEG0.PEGP handle
[    5.024757] nouveau: detected PR support, will not use DSM
[    5.024781] nouveau 0000:01:00.0: enabling device (0106 -> 0107)
[    5.112345] r8169 0000:08:00.1 enp8s0f1: Link is Down
[    5.259522] intel_pmc_core intel_pmc_core.0:  initialized
[    5.268010] intel_rapl_common: Found RAPL domain package
[    5.268014] intel_rapl_common: Found RAPL domain core
[    5.268017] intel_rapl_common: Found RAPL domain uncore
[    5.268020] intel_rapl_common: Found RAPL domain dram
[    5.268022] intel_rapl_common: Found RAPL domain psys
[    5.722099] Console: switching to colour frame buffer device 240x67
[    5.748886] i915 0000:00:02.0: [drm] fb0: i915drmfb frame buffer device
[    5.749052] nouveau 0000:01:00.0: NVIDIA TU117 (167000a1)
[    5.834467] nouveau 0000:01:00.0: bios: version 90.17.1c.00.e0
[    5.835937] nouveau 0000:01:00.0: firmware: direct-loading firmware nvidia/tu117/nvdec/scrubber.bin
[    5.836239] nouveau 0000:01:00.0: firmware: direct-loading firmware nvidia/tu117/acr/bl.bin
[    5.836400] nouveau 0000:01:00.0: firmware: direct-loading firmware nvidia/tu117/acr/ucode_ahesasc.bin
[    5.836411] nouveau 0000:01:00.0: firmware: direct-loading firmware nvidia/tu117/acr/bl.bin
[    5.836522] nouveau 0000:01:00.0: firmware: direct-loading firmware nvidia/tu117/acr/ucode_asb.bin
[    5.836611] nouveau 0000:01:00.0: firmware: direct-loading firmware nvidia/tu117/acr/unload_bl.bin
[    5.836734] nouveau 0000:01:00.0: firmware: direct-loading firmware nvidia/tu117/acr/ucode_unload.bin
[    5.836738] nouveau 0000:01:00.0: pmu: firmware unavailable
[    5.837128] nouveau 0000:01:00.0: firmware: direct-loading firmware nvidia/tu117/gr/fecs_bl.bin
[    5.837284] nouveau 0000:01:00.0: firmware: direct-loading firmware nvidia/tu117/gr/fecs_inst.bin
[    5.837375] nouveau 0000:01:00.0: firmware: direct-loading firmware nvidia/tu117/gr/fecs_data.bin
[    5.837460] nouveau 0000:01:00.0: firmware: direct-loading firmware nvidia/tu117/gr/fecs_sig.bin
[    5.837555] nouveau 0000:01:00.0: firmware: direct-loading firmware nvidia/tu117/gr/gpccs_bl.bin
[    5.837664] nouveau 0000:01:00.0: firmware: direct-loading firmware nvidia/tu117/gr/gpccs_inst.bin
[    5.837747] nouveau 0000:01:00.0: firmware: direct-loading firmware nvidia/tu117/gr/gpccs_data.bin
[    5.837851] nouveau 0000:01:00.0: firmware: direct-loading firmware nvidia/tu117/gr/gpccs_sig.bin
[    5.837938] nouveau 0000:01:00.0: firmware: direct-loading firmware nvidia/tu117/gr/sw_nonctx.bin
[    5.838044] nouveau 0000:01:00.0: firmware: direct-loading firmware nvidia/tu117/gr/sw_ctx.bin
[    5.838135] nouveau 0000:01:00.0: firmware: direct-loading firmware nvidia/tu117/gr/sw_bundle_init.bin
[    5.838248] nouveau 0000:01:00.0: firmware: direct-loading firmware nvidia/tu117/gr/sw_method_init.bin
[    5.838511] nouveau 0000:01:00.0: firmware: direct-loading firmware nvidia/tu117/sec2/sig.bin
[    5.838690] nouveau 0000:01:00.0: firmware: direct-loading firmware nvidia/tu117/sec2/image.bin
[    5.838786] nouveau 0000:01:00.0: firmware: direct-loading firmware nvidia/tu117/sec2/desc.bin
[    5.839043] nouveau 0000:01:00.0: fb: 4096 MiB GDDR5
[    5.893855] vga_switcheroo: enabled
[    5.912907] [TTM] Zone  kernel: Available graphics memory: 16355566 KiB
[    5.912907] [TTM] Zone   dma32: Available graphics memory: 2097152 KiB
[    5.912910] [TTM] Initializing pool allocator
[    5.912912] [TTM] Initializing DMA pool allocator
[    5.912920] nouveau 0000:01:00.0: DRM: VRAM: 4096 MiB
[    5.912921] nouveau 0000:01:00.0: DRM: GART: 536870912 MiB
[    5.912922] nouveau 0000:01:00.0: DRM: BIT table 'A' not found
[    5.912923] nouveau 0000:01:00.0: DRM: BIT table 'L' not found
[    5.912926] nouveau 0000:01:00.0: DRM: TMDS table version 2.0
[    5.912927] nouveau 0000:01:00.0: DRM: DCB version 4.1
[    5.912929] nouveau 0000:01:00.0: DRM: DCB outp 00: 04814f76 04600010
[    5.912930] nouveau 0000:01:00.0: DRM: DCB outp 01: 04814f72 00020010
[    5.912930] nouveau 0000:01:00.0: DRM: DCB conn 04: 01000446
[    5.913222] nouveau 0000:01:00.0: DRM: MM: using COPY for buffer copies
[    5.914321] snd_hda_intel 0000:01:00.1: bound 0000:01:00.0 (ops nv50_audio_component_bind_ops [nouveau])
[    6.000249] nouveau 0000:01:00.0: [drm] Cannot find any crtc or sizes
[    6.000595] [drm] Initialized nouveau 1.3.1 20120801 for 0000:01:00.0 on minor 1
[    6.000596] nouveau 0000:01:00.0: DRM: Disabling PCI power management to avoid bug
[    6.044132] nvidia: loading out-of-tree module taints kernel.
[    6.044137] nvidia: module license 'NVIDIA' taints kernel.
[    6.044138] Disabling lock debugging due to kernel taint
[    6.060514] nvidia: module verification failed: signature and/or required key missing - tainting kernel
[    6.072525] nvidia-nvlink: Nvlink Core is being initialized, major device number 242
[    6.072528] NVRM: The NVIDIA probe routine was not called for 1 device(s).
[    6.072808] NVRM: This can occur when a driver such as: 
               NVRM: nouveau, rivafb, nvidiafb or rivatv 
               NVRM: was loaded and obtained ownership of the NVIDIA device(s).
[    6.072808] NVRM: Try unloading the conflicting kernel module (and/or
               NVRM: reconfigure your kernel without the conflicting
               NVRM: driver(s)), then try loading the NVIDIA kernel module
               NVRM: again.
[    6.072808] NVRM: No NVIDIA devices probed.
[    6.072898] nvidia-nvlink: Unregistered the Nvlink Core, major device number 242
[    6.084204] nouveau 0000:01:00.0: [drm] Cannot find any crtc or sizes
[    6.200583] nvidia-nvlink: Nvlink Core is being initialized, major device number 242
[    6.200586] NVRM: The NVIDIA probe routine was not called for 1 device(s).
[    6.201048] NVRM: This can occur when a driver such as: 
               NVRM: nouveau, rivafb, nvidiafb or rivatv 
               NVRM: was loaded and obtained ownership of the NVIDIA device(s).
[    6.201048] NVRM: Try unloading the conflicting kernel module (and/or
               NVRM: reconfigure your kernel without the conflicting
               NVRM: driver(s)), then try loading the NVIDIA kernel module
               NVRM: again.
[    6.201049] NVRM: No NVIDIA devices probed.
[    6.201235] nvidia-nvlink: Unregistered the Nvlink Core, major device number 242
[   58.896223] usb 1-2: new high-speed USB device number 5 using xhci_hcd
[   59.055394] usb 1-2: New USB device found, idVendor=148f, idProduct=7601, bcdDevice= 0.00
[   59.055400] usb 1-2: New USB device strings: Mfr=1, Product=2, SerialNumber=3
[   59.055403] usb 1-2: Product: 802.11 n WLAN
[   59.055406] usb 1-2: Manufacturer: MediaTek
[   59.055408] usb 1-2: SerialNumber: 1.0
[   59.105415] cfg80211: Loading compiled-in X.509 certificates for regulatory database
[   59.105551] cfg80211: Loaded X.509 cert 'benh@debian.org: 577e021cb980e0e820821ba7b54b4961b8b4fadf'
[   59.105676] cfg80211: Loaded X.509 cert 'romain.perier@gmail.com: 3abbc6ec146e09d1b6016ab9d6cf71dd233f0328'
[   59.105809] cfg80211: Loaded X.509 cert 'sforshee: 00b28ddf47aef9cea7'
[   59.106072] platform regulatory.0: firmware: direct-loading firmware regulatory.db
[   59.106188] platform regulatory.0: firmware: direct-loading firmware regulatory.db.p7s
[   59.268595] usb 1-2: reset high-speed USB device number 5 using xhci_hcd
[   59.419808] mt7601u 1-2:1.0: ASIC revision: 76010001 MAC revision: 76010500
[   59.424127] mt7601u 1-2:1.0: firmware: direct-loading firmware mt7601u.bin
[   59.424137] mt7601u 1-2:1.0: Firmware Version: 0.1.00 Build: 7640 Build time: 201302052146____
[   59.818647] mt7601u 1-2:1.0: EEPROM ver:0d fae:00
[   60.029154] ieee80211 phy0: Selected rate control algorithm 'minstrel_ht'
[   60.029378] usbcore: registered new interface driver mt7601u
[   60.038077] mt7601u 1-2:1.0 wlx20e81708270a: renamed from wlan0
[   62.757452] wlx20e81708270a: authenticate with 10:e9:53:21:1d:28
[   62.783236] wlx20e81708270a: send auth to 10:e9:53:21:1d:28 (try 1/3)
[   62.784753] wlx20e81708270a: authenticated
[   62.792358] wlx20e81708270a: associate with 10:e9:53:21:1d:28 (try 1/3)
[   62.796183] wlx20e81708270a: RX AssocResp from 10:e9:53:21:1d:28 (capab=0x431 status=0 aid=14)
[   62.841263] wlx20e81708270a: associated
[   62.894862] IPv6: ADDRCONF(NETDEV_CHANGE): wlx20e81708270a: link becomes ready
[  105.445512] i2c /dev entries driver
[  746.524394] process '/tmp/cgIMAwqG/dummy' started with executable stack
[ 1006.687177] rtsx_pci 0000:08:00.0: VPD access failed.  This is likely a firmware bug on this device.  Contact the card vendor for a firmware update
[ 1006.689168] r8169 0000:08:00.1: invalid short VPD tag 00 at offset 1
